\set VERBOSITY terse
BEGIN;
CREATE EXTENSION dbpatch;
SELECT apply_patch('test patch 1', ARRAY['SELECT 1', 'SELECT 2']);
INFO:  Applying patch test patch 1
 apply_patch 
-------------
 t
(1 row)

SELECT apply_patch('test patch 2', 'SELECT 1');
INFO:  Applying patch test patch 2
 apply_patch 
-------------
 t
(1 row)

SELECT apply_patch('test patch 2', 'SELECT 1');
INFO:  Patch test patch 2 is already applied
 apply_patch 
-------------
 f
(1 row)

SELECT apply_patch('test bad patch SQL', 'SELET 1');
INFO:  Applying patch test bad patch SQL
ERROR:  Could not applied test bad patch SQL patch using SELET 1. ERROR: syntax error at or near "SELET"
ROLLBACK;
